<html>
<body>
<pre>
<h1>µVision Build Log</h1>
<h2>Tool Versions:</h2>
IDE-Version: µVision V5.31.0.0
Copyright (C) 2020 ARM Ltd and ARM Germany GmbH. All rights reserved.
License Information: a a, a, LIC=RC93N-YFD6A-EVV1R-KS37W-LI2FY-T15V2
 
Tool Versions:
Toolchain:       MDK-ARM Plus  Version: 5.31.0.0
Toolchain Path:  D:\KeilC\Keil\ARM\ARMCLANG\Bin
C Compiler:      ArmClang.exe V6.14
Assembler:       Armasm.exe V6.14
Linker/Locator:  ArmLink.exe V6.14
Library Manager: ArmAr.exe V6.14
Hex Converter:   FromElf.exe V6.14
CPU DLL:         SARMCM3.DLL V5.31.0.0
Dialog DLL:      DCM.DLL V1.17.3.0
Target DLL:      STLink\ST-LINKIII-KEIL_SWO.dll V3.0.7.0
Dialog DLL:      TCM.DLL V1.46.0.0
 
<h2>Project:</h2>
D:\Code\stmv2\I2C protocol - BHP1750 - STM32\i2c\i2c.uvprojx
Project File Date:  03/20/2025

<h2>Output:</h2>
*** Using Compiler 'V6.14', folder: 'D:\KeilC\Keil\ARM\ARMCLANG\Bin'
Build target 'Target 1'
main.c(1): warning: In file included from...
D:/KeilC/Pack/Keil/STM32F1xx_DFP/2.4.1/Device/Include\stm32f10x.h(8347): warning: In file included from...
./RTE/Device/STM32F103C8\stm32f10x_conf.h(87): warning: In file included from...
D:/KeilC/Pack/Keil/STM32F1xx_DFP/2.4.1/Device/StdPeriph_Driver/inc\stm32f10x_tim.h(50): warning: padding size of 'TIM_TimeBaseInitTypeDef' with 1 byte to alignment boundary [-Wpadded]
typedef struct
        ^
main.c(5): warning: no previous prototype for function 'Timer_Init' [-Wmissing-prototypes]
void Timer_Init(void) {
     ^
main.c(5): note: declare 'static' if the function is not intended to be used outside of this translation unit
void Timer_Init(void) {
^
static 
main.c(16): warning: no previous prototype for function 'Delay_us' [-Wmissing-prototypes]
void Delay_us(uint32_t delay) {
     ^
main.c(16): note: declare 'static' if the function is not intended to be used outside of this translation unit
void Delay_us(uint32_t delay) {
^
static 
main.c(21): warning: no previous prototype for function 'delay_ms' [-Wmissing-prototypes]
void delay_ms(uint32_t delay) {
     ^
main.c(21): note: declare 'static' if the function is not intended to be used outside of this translation unit
void delay_ms(uint32_t delay) {
^
static 
main.c(1): warning: In file included from...
D:/KeilC/Pack/Keil/STM32F1xx_DFP/2.4.1/Device/Include\stm32f10x.h(8347): warning: In file included from...
./RTE/Device/STM32F103C8\stm32f10x_conf.h(90): warning: In file included from...
D:/KeilC/Pack/Keil/STM32F1xx_DFP/2.4.1/Device/StdPeriph_Driver/inc\stm32f10x_usart.h(49): warning: padding size of 'USART_InitTypeDef' with 2 bytes to alignment boundary [-Wpadded]
typedef struct
        ^
main.c(27): warning: no previous prototype for function 'UART_Init' [-Wmissing-prototypes]
void UART_Init()
     ^
main.c(27): note: declare 'static' if the function is not intended to be used outside of this translation unit
void UART_Init()
^
static 
main.c(1): warning: In file included from...
D:/KeilC/Pack/Keil/STM32F1xx_DFP/2.4.1/Device/Include\stm32f10x.h(8347): warning: In file included from...
./RTE/Device/STM32F103C8\stm32f10x_conf.h(66): warning: In file included from...
D:/KeilC/Pack/Keil/STM32F1xx_DFP/2.4.1/Device/StdPeriph_Driver/inc\stm32f10x_i2c.h(49): warning: padding size of 'I2C_InitTypeDef' with 2 bytes to alignment boundary [-Wpadded]
typedef struct
        ^
main.c(56): warning: no previous prototype for function 'I2C_Config' [-Wmissing-prototypes]
void I2C_Config()
     ^
main.c(56): note: declare 'static' if the function is not intended to be used outside of this translation unit
void I2C_Config()
^
static 
main.c(79): warning: no previous prototype for function 'usart_sendchar' [-Wmissing-prototypes]
void usart_sendchar(char ch)
     ^
main.c(79): note: declare 'static' if the function is not intended to be used outside of this translation unit
void usart_sendchar(char ch)
^
static 
main.c(92): warning: implicit conversion loses integer precision: 'int' to 'char' [-Wimplicit-int-conversion]
        usart_sendchar(ch);
        ~~~~~~~~~~~~~~ ^~
main.c(90): warning: unused parameter 'f' [-Wunused-parameter]
int fputc(int ch,FILE*f)
                      ^
main.c(96): warning: no previous prototype for function 'I2C_START' [-Wmissing-prototypes]
void I2C_START()
     ^
main.c(96): note: declare 'static' if the function is not intended to be used outside of this translation unit
void I2C_START()
^
static 
main.c(102): warning: no previous prototype for function 'I2C_SENDADDRESS' [-Wmissing-prototypes]
void I2C_SENDADDRESS(uint8_t addr, uint8_t direct)
     ^
main.c(102): note: declare 'static' if the function is not intended to be used outside of this translation unit
void I2C_SENDADDRESS(uint8_t addr, uint8_t direct)
^
static 
main.c(116): warning: no previous prototype for function 'I2C_SENDBYTE' [-Wmissing-prototypes]
void I2C_SENDBYTE(uint8_t data)
     ^
main.c(116): note: declare 'static' if the function is not intended to be used outside of this translation unit
void I2C_SENDBYTE(uint8_t data)
^
static 
main.c(122): warning: no previous prototype for function 'I2C_STOP' [-Wmissing-prototypes]
void I2C_STOP()
     ^
main.c(122): note: declare 'static' if the function is not intended to be used outside of this translation unit
void I2C_STOP()
^
static 
main.c(127): warning: no previous prototype for function 'I2C_RECEIVE' [-Wmissing-prototypes]
uint8_t I2C_RECEIVE()
        ^
main.c(127): note: declare 'static' if the function is not intended to be used outside of this translation unit
uint8_t I2C_RECEIVE()
^
static 
main.c(146): warning: implicit conversion loses integer precision: 'int' to 'uint16_t' (aka 'unsigned short') [-Wimplicit-int-conversion]
        return (data[0]<<8) | data[1];
        ~~~~~~ ~~~~~~~~~~~~~^~~~~~~~~
main.c(133): warning: no previous prototype for function 'I2C_ReadLight' [-Wmissing-prototypes]
uint16_t I2C_ReadLight()
         ^
main.c(133): note: declare 'static' if the function is not intended to be used outside of this translation unit
uint16_t I2C_ReadLight()
^
static 
main.c(156): warning: implicit conversion increases floating-point precision: 'float' to 'double' [-Wdouble-promotion]
                printf("Cuong do anh sang: %f lux\n", (float)light/1.2);
                                                      ^~~~~~~~~~~~~
main.c(159): warning: no newline at end of file [-Wnewline-eof]
}
 ^
20 warnings generated.
compiling main.c...
linking...
Program Size: Code=7540 RO-data=448 RW-data=0 ZI-data=1640  
".\Objects\i2c.axf" - 0 Error(s), 20 Warning(s).

<h2>Software Packages used:</h2>

Package Vendor: ARM
                https://www.keil.com/pack/ARM.CMSIS.6.1.0.pack
                ARM.CMSIS.6.1.0
                CMSIS (Common Microcontroller Software Interface Standard)
   * Component: CORE Version: 6.1.0

Package Vendor: Keil
                https://www.keil.com/pack/Keil.STM32F1xx_DFP.2.4.1.pack
                Keil.STM32F1xx_DFP.2.4.1
                STMicroelectronics STM32F1 Series Device Support, Drivers and Examples
   * Component: Startup Version: 1.0.0
   * Component: Framework Version: 3.6.0
   * Component: GPIO Version: 3.6.0
   * Component: I2C Version: 3.6.0
   * Component: RCC Version: 3.6.0
   * Component: TIM Version: 3.6.0
   * Component: USART Version: 3.6.0

<h2>Collection of Component include folders:</h2>
  .\RTE\Device\STM32F103C8
  .\RTE\_Target_1
  D:\KeilC\Pack\ARM\CMSIS\6.1.0\CMSIS\Core\Include
  D:\KeilC\Pack\Keil\STM32F1xx_DFP\2.4.1\Device\Include
  D:\KeilC\Pack\Keil\STM32F1xx_DFP\2.4.1\Device\StdPeriph_Driver\inc

<h2>Collection of Component Files used:</h2>

   * Component: ARM::CMSIS:CORE:6.1.0

   * Component: Keil::Device:Startup:1.0.0
      Source file:   Device\Source\system_stm32f10x.c
      Include file:  RTE_Driver\Config\RTE_Device.h
      Source file:   Device\Source\ARM\STM32F1xx_OPT.s
      Source file:   Device\Source\ARM\startup_stm32f10x_md.s

   * Component: Keil::Device:StdPeriph Drivers:Framework:3.6.0
      Source file:   Device\StdPeriph_Driver\templates\stm32f10x_it.c
      Source file:   Device\StdPeriph_Driver\templates\stm32f10x_conf.h
      Include file:  Device\StdPeriph_Driver\templates\stm32f10x_it.h
      Source file:   Device\StdPeriph_Driver\src\misc.c
      Include file:  Device\StdPeriph_Driver\inc\misc.h

   * Component: Keil::Device:StdPeriph Drivers:GPIO:3.6.0
      Include file:  Device\StdPeriph_Driver\inc\stm32f10x_gpio.h
      Source file:   Device\StdPeriph_Driver\src\stm32f10x_gpio.c

   * Component: Keil::Device:StdPeriph Drivers:I2C:3.6.0
      Source file:   Device\StdPeriph_Driver\src\stm32f10x_i2c.c
      Include file:  Device\StdPeriph_Driver\inc\stm32f10x_i2c.h

   * Component: Keil::Device:StdPeriph Drivers:RCC:3.6.0
      Include file:  Device\StdPeriph_Driver\inc\stm32f10x_rcc.h
      Source file:   Device\StdPeriph_Driver\src\stm32f10x_rcc.c

   * Component: Keil::Device:StdPeriph Drivers:TIM:3.6.0
      Include file:  Device\StdPeriph_Driver\inc\stm32f10x_tim.h
      Source file:   Device\StdPeriph_Driver\src\stm32f10x_tim.c

   * Component: Keil::Device:StdPeriph Drivers:USART:3.6.0
      Source file:   Device\StdPeriph_Driver\src\stm32f10x_usart.c
      Include file:  Device\StdPeriph_Driver\inc\stm32f10x_usart.h
Build Time Elapsed:  00:00:02
</pre>
</body>
</html>
