<html>
<body>
<pre>
<h1>µVision Build Log</h1>
<h2>Tool Versions:</h2>
IDE-Version: µVision V5.31.0.0
Copyright (C) 2020 ARM Ltd and ARM Germany GmbH. All rights reserved.
License Information: a a, a, LIC=RC93N-YFD6A-EVV1R-KS37W-LI2FY-T15V2
 
Tool Versions:
Toolchain:       MDK-ARM Plus  Version: 5.31.0.0
Toolchain Path:  D:\KeilC\Keil\ARM\ARMCLANG\Bin
C Compiler:      ArmClang.exe V6.14
Assembler:       Armasm.exe V6.14
Linker/Locator:  ArmLink.exe V6.14
Library Manager: ArmAr.exe V6.14
Hex Converter:   FromElf.exe V6.14
CPU DLL:         SARMCM3.DLL V5.31.0.0
Dialog DLL:      DCM.DLL V1.17.3.0
Target DLL:      STLink\ST-LINKIII-KEIL_SWO.dll V3.0.7.0
Dialog DLL:      TCM.DLL V1.46.0.0
 
<h2>Project:</h2>
D:\Code\Onewire protocol - DHT11 - STM32\Onewire protocol - DHT11 - STM32\onewire.uvprojx
Project File Date:  03/13/2025

<h2>Output:</h2>
*** Using Compiler 'V6.14', folder: 'D:\KeilC\Keil\ARM\ARMCLANG\Bin'
Build target 'Target 1'
main.c(9): warning: no previous prototype for function 'Delay_us' [-Wmissing-prototypes]
void Delay_us(uint32_t delay) {
     ^
main.c(9): note: declare 'static' if the function is not intended to be used outside of this translation unit
void Delay_us(uint32_t delay) {
^
static 
main.c(14): warning: no previous prototype for function 'Delay_ms' [-Wmissing-prototypes]
void Delay_ms(uint32_t delay) {
     ^
main.c(14): note: declare 'static' if the function is not intended to be used outside of this translation unit
void Delay_ms(uint32_t delay) {
^
static 
main.c(1): warning: In file included from...
D:/KeilC/Pack/Keil/STM32F1xx_DFP/2.4.1/Device/Include\stm32f10x.h(8347): warning: In file included from...
./RTE/Device/STM32F103C8\stm32f10x_conf.h(90): warning: In file included from...
D:/KeilC/Pack/Keil/STM32F1xx_DFP/2.4.1/Device/StdPeriph_Driver/inc\stm32f10x_usart.h(49): warning: padding size of 'USART_InitTypeDef' with 2 bytes to alignment boundary [-Wpadded]
typedef struct
        ^
main.c(20): warning: no previous prototype for function 'USART_InitConfig' [-Wmissing-prototypes]
void USART_InitConfig(void) {
     ^
main.c(20): note: declare 'static' if the function is not intended to be used outside of this translation unit
void USART_InitConfig(void) {
^
static 
main.c(46): warning: no previous prototype for function 'USART_SendText' [-Wmissing-prototypes]
void USART_SendText(char *text) {
     ^
main.c(46): note: declare 'static' if the function is not intended to be used outside of this translation unit
void USART_SendText(char *text) {
^
static 
main.c(56): warning: implicitly declaring library function 'sprintf' with type 'int (char *, const char *, ...)' [-Wimplicit-function-declaration]
    sprintf(buffer, "%d", value);
    ^
main.c(56): note: include the header <stdio.h> or explicitly provide a declaration for 'sprintf'
main.c(54): warning: no previous prototype for function 'USART_SendValue' [-Wmissing-prototypes]
void USART_SendValue(uint8_t value) {
     ^
main.c(54): note: declare 'static' if the function is not intended to be used outside of this translation unit
void USART_SendValue(uint8_t value) {
^
static 
main.c(60): warning: no previous prototype for function 'DHT11_Init' [-Wmissing-prototypes]
void DHT11_Init(void) {
     ^
main.c(60): note: declare 'static' if the function is not intended to be used outside of this translation unit
void DHT11_Init(void) {
^
static 
main.c(1): warning: In file included from...
D:/KeilC/Pack/Keil/STM32F1xx_DFP/2.4.1/Device/Include\stm32f10x.h(8347): warning: In file included from...
./RTE/Device/STM32F103C8\stm32f10x_conf.h(87): warning: In file included from...
D:/KeilC/Pack/Keil/STM32F1xx_DFP/2.4.1/Device/StdPeriph_Driver/inc\stm32f10x_tim.h(50): warning: padding size of 'TIM_TimeBaseInitTypeDef' with 1 byte to alignment boundary [-Wpadded]
typedef struct
        ^
main.c(70): warning: no previous prototype for function 'Timer_Init' [-Wmissing-prototypes]
void Timer_Init(void) {
     ^
main.c(70): note: declare 'static' if the function is not intended to be used outside of this translation unit
void Timer_Init(void) {
^
static 
main.c(4): warning: no previous extern declaration for non-static variable 'timerValue' [-Wmissing-variable-declarations]
uint16_t timerValue;
         ^
main.c(4): note: declare 'static' if the variable is not intended to be used outside of this translation unit
uint16_t timerValue;
^
main.c(5): warning: no previous extern declaration for non-static variable 'dataBuffer' [-Wmissing-variable-declarations]
uint8_t dataBuffer[5];
        ^
main.c(5): note: declare 'static' if the variable is not intended to be used outside of this translation unit
uint8_t dataBuffer[5];
^
main.c(6): warning: no previous extern declaration for non-static variable 'checksum' [-Wmissing-variable-declarations]
uint8_t checksum;
        ^
main.c(6): note: declare 'static' if the variable is not intended to be used outside of this translation unit
uint8_t checksum;
^
main.c(7): warning: no previous extern declaration for non-static variable 'loopIndex' [-Wmissing-variable-declarations]
unsigned int loopIndex, bitIndex;
             ^
main.c(7): note: declare 'static' if the variable is not intended to be used outside of this translation unit
unsigned int loopIndex, bitIndex;
^
main.c(7): warning: no previous extern declaration for non-static variable 'bitIndex' [-Wmissing-variable-declarations]
unsigned int loopIndex, bitIndex;
                        ^
main.c(7): note: declare 'static' if the variable is not intended to be used outside of this translation unit
unsigned int loopIndex, bitIndex;
^
15 warnings generated.
compiling main.c...
linking...
Program Size: Code=2888 RO-data=272 RW-data=0 ZI-data=1656  
".\Objects\onewire.axf" - 0 Error(s), 15 Warning(s).

<h2>Software Packages used:</h2>

Package Vendor: ARM
                https://www.keil.com/pack/ARM.CMSIS.6.1.0.pack
                ARM.CMSIS.6.1.0
                CMSIS (Common Microcontroller Software Interface Standard)
   * Component: CORE Version: 6.1.0

Package Vendor: Keil
                https://www.keil.com/pack/Keil.STM32F1xx_DFP.2.4.1.pack
                Keil.STM32F1xx_DFP.2.4.1
                STMicroelectronics STM32F1 Series Device Support, Drivers and Examples
   * Component: Startup Version: 1.0.0
   * Component: Framework Version: 3.6.0
   * Component: GPIO Version: 3.6.0
   * Component: RCC Version: 3.6.0
   * Component: TIM Version: 3.6.0
   * Component: USART Version: 3.6.0

<h2>Collection of Component include folders:</h2>
  .\RTE\Device\STM32F103C8
  .\RTE\_Target_1
  D:\KeilC\Pack\ARM\CMSIS\6.1.0\CMSIS\Core\Include
  D:\KeilC\Pack\Keil\STM32F1xx_DFP\2.4.1\Device\Include
  D:\KeilC\Pack\Keil\STM32F1xx_DFP\2.4.1\Device\StdPeriph_Driver\inc

<h2>Collection of Component Files used:</h2>

   * Component: ARM::CMSIS:CORE:6.1.0

   * Component: Keil::Device:Startup:1.0.0
      Include file:  RTE_Driver\Config\RTE_Device.h
      Source file:   Device\Source\ARM\startup_stm32f10x_md.s
      Source file:   Device\Source\system_stm32f10x.c
      Source file:   Device\Source\ARM\STM32F1xx_OPT.s

   * Component: Keil::Device:StdPeriph Drivers:Framework:3.6.0
      Include file:  Device\StdPeriph_Driver\inc\misc.h
      Source file:   Device\StdPeriph_Driver\src\misc.c
      Source file:   Device\StdPeriph_Driver\templates\stm32f10x_conf.h
      Include file:  Device\StdPeriph_Driver\templates\stm32f10x_it.h
      Source file:   Device\StdPeriph_Driver\templates\stm32f10x_it.c

   * Component: Keil::Device:StdPeriph Drivers:GPIO:3.6.0
      Source file:   Device\StdPeriph_Driver\src\stm32f10x_gpio.c
      Include file:  Device\StdPeriph_Driver\inc\stm32f10x_gpio.h

   * Component: Keil::Device:StdPeriph Drivers:RCC:3.6.0
      Include file:  Device\StdPeriph_Driver\inc\stm32f10x_rcc.h
      Source file:   Device\StdPeriph_Driver\src\stm32f10x_rcc.c

   * Component: Keil::Device:StdPeriph Drivers:TIM:3.6.0
      Include file:  Device\StdPeriph_Driver\inc\stm32f10x_tim.h
      Source file:   Device\StdPeriph_Driver\src\stm32f10x_tim.c

   * Component: Keil::Device:StdPeriph Drivers:USART:3.6.0
      Include file:  Device\StdPeriph_Driver\inc\stm32f10x_usart.h
      Source file:   Device\StdPeriph_Driver\src\stm32f10x_usart.c
Build Time Elapsed:  00:00:02
</pre>
</body>
</html>
